C:/Users/hamed/OneDrive/Documents/GitHub/ChangeOver/Firmware/Modules/Ui/ui.c:20:13:green	16	static
C:/Users/hamed/OneDrive/Documents/GitHub/ChangeOver/Firmware/Modules/Ui/ui.c:29:13:red	16	static
C:/Users/hamed/OneDrive/Documents/GitHub/ChangeOver/Firmware/Modules/Ui/ui.c:38:13:yellow	16	static
C:/Users/hamed/OneDrive/Documents/GitHub/ChangeOver/Firmware/Modules/Ui/ui.c:47:13:buzzer	16	static
C:/Users/hamed/OneDrive/Documents/GitHub/ChangeOver/Firmware/Modules/Ui/ui.c:56:13:all_off	8	static
C:/Users/hamed/OneDrive/Documents/GitHub/ChangeOver/Firmware/Modules/Ui/ui.c:68:6:Ui_Init	8	static
C:/Users/hamed/OneDrive/Documents/GitHub/ChangeOver/Firmware/Modules/Ui/ui.c:77:6:Ui_BoardTest	8	static
C:/Users/hamed/OneDrive/Documents/GitHub/ChangeOver/Firmware/Modules/Ui/ui.c:102:6:Ui_Scenario1	8	static
C:/Users/hamed/OneDrive/Documents/GitHub/ChangeOver/Firmware/Modules/Ui/ui.c:120:6:Ui_Scenario2	8	static
